--------------------------------------------------------------------------------
Release 13.4 Trace  (nt64)
Copyright (c) 1995-2011 Xilinx, Inc.  All rights reserved.

D:\Xilinx\13.4\ISE_DS\ISE\bin\nt64\unwrapped\trce.exe -intstyle ise -v 3 -s 5
-n 3 -fastpaths -xml Carry_Look_Ahead_Adder.twx Carry_Look_Ahead_Adder.ncd -o
Carry_Look_Ahead_Adder.twr Carry_Look_Ahead_Adder.pcf

Design file:              Carry_Look_Ahead_Adder.ncd
Physical constraint file: Carry_Look_Ahead_Adder.pcf
Device,package,speed:     xc3s100e,cp132,-5 (PRODUCTION 1.27 2012-01-07)
Report level:             verbose report

Environment Variable      Effect 
--------------------      ------ 
NONE                      No environment variables were set
--------------------------------------------------------------------------------

INFO:Timing:2698 - No timing constraints found, doing default enumeration.
INFO:Timing:3412 - To improve timing, see the Timing Closure User Guide (UG612).
INFO:Timing:2752 - To get complete path coverage, use the unconstrained paths 
   option. All paths that are not constrained will be reported in the 
   unconstrained paths section(s) of the report.
INFO:Timing:3339 - The clock-to-out numbers in this timing report are based on 
   a 50 Ohm transmission line loading model.  For the details of this model, 
   and for more information on accounting for different loading conditions, 
   please see the device datasheet.
INFO:Timing:3390 - This architecture does not support a default System Jitter 
   value, please add SYSTEM_JITTER constraint to the UCF to modify the Clock 
   Uncertainty calculation.
INFO:Timing:3389 - This architecture does not support 'Discrete Jitter' and 
   'Phase Error' calculations, these terms will be zero in the Clock 
   Uncertainty calculation.  Please make appropriate modification to 
   SYSTEM_JITTER to account for the unsupported Discrete Jitter and Phase 
   Error.



Data Sheet report:
-----------------
All values displayed in nanoseconds (ns)

Pad to Pad
---------------+---------------+---------+
Source Pad     |Destination Pad|  Delay  |
---------------+---------------+---------+
A<0>           |C3             |    8.741|
A<0>           |S<0>           |    6.032|
A<0>           |S<1>           |    7.329|
A<0>           |S<2>           |    7.715|
A<0>           |S<3>           |    8.945|
A<1>           |C3             |    8.075|
A<1>           |S<1>           |    6.352|
A<1>           |S<2>           |    7.049|
A<1>           |S<3>           |    8.279|
A<2>           |C3             |    7.251|
A<2>           |S<2>           |    6.336|
A<2>           |S<3>           |    7.455|
A<3>           |C3             |    6.265|
A<3>           |S<3>           |    5.940|
B<4>           |C3             |    8.808|
B<4>           |S<0>           |    6.099|
B<4>           |S<1>           |    7.396|
B<4>           |S<2>           |    7.782|
B<4>           |S<3>           |    9.012|
B<5>           |C3             |    8.282|
B<5>           |S<1>           |    6.382|
B<5>           |S<2>           |    7.256|
B<5>           |S<3>           |    8.486|
B<6>           |C3             |    6.749|
B<6>           |S<2>           |    5.818|
B<6>           |S<3>           |    6.953|
B<7>           |C3             |    6.568|
B<7>           |S<3>           |    6.496|
Cin            |C3             |    8.558|
Cin            |S<0>           |    5.849|
Cin            |S<1>           |    7.146|
Cin            |S<2>           |    7.532|
Cin            |S<3>           |    8.762|
---------------+---------------+---------+


Analysis completed Mon Mar 19 19:28:16 2018 
--------------------------------------------------------------------------------

Trace Settings:
-------------------------
Trace Settings 

Peak Memory Usage: 191 MB



